// Jest Snapshot v1, https://goo.gl/fbAQLP

exports[`Test multi-level 1`] = `
Object {
  "errorMessage": "Required field.",
  "errorPath": Array [
    "name",
  ],
  "isValid": false,
  "properties": Object {
    "name": Object {
      "errorMessage": "Required field.",
      "errorPath": Array [],
      "isValid": false,
    },
    "next": Object {
      "errorMessage": "Required field.",
      "errorPath": Array [],
      "isValid": false,
      "properties": Object {
        "name": Object {
          "errorMessage": "Required field.",
          "errorPath": Array [],
          "isValid": false,
        },
        "next": Object {
          "errorMessage": "Required field.",
          "errorPath": Array [],
          "isValid": false,
          "properties": Object {
            "name": Object {
              "errorMessage": "Required field.",
              "errorPath": Array [],
              "isValid": false,
            },
            "next": Object {
              "errorMessage": "Required field.",
              "errorPath": Array [],
              "isValid": false,
              "properties": Object {
                "name": Object {
                  "errorMessage": "Required field.",
                  "errorPath": Array [],
                  "isValid": false,
                },
              },
            },
          },
        },
      },
    },
  },
}
`;
