// Jest Snapshot v1, https://goo.gl/fbAQLP

exports[`Basic 1`] = `undefined`;
